ERROR - 2026-04-29 07:42:28 --> Error connecting to the database: mysqli_sql_exception: Operation not permitted in /home/armando/Documents/S3-S4/S4/Mr Rojo/Trinome/system/Database/MySQLi/Connection.php:201
Stack trace:
#0 /home/armando/Documents/S3-S4/S4/Mr Rojo/Trinome/system/Database/MySQLi/Connection.php(201): mysqli->real_connect()
#1 /home/armando/Documents/S3-S4/S4/Mr Rojo/Trinome/system/Database/BaseConnection.php(555): CodeIgniter\Database\MySQLi\Connection->connect()
#2 /home/armando/Documents/S3-S4/S4/Mr Rojo/Trinome/system/Database/BaseConnection.php(795): CodeIgniter\Database\BaseConnection->initialize()
#3 /home/armando/Documents/S3-S4/S4/Mr Rojo/Trinome/system/Database/BaseConnection.php(1706): CodeIgniter\Database\BaseConnection->query()
#4 /home/armando/Documents/S3-S4/S4/Mr Rojo/Trinome/system/Database/BaseConnection.php(1726): CodeIgniter\Database\BaseConnection->listTables()
#5 /home/armando/Documents/S3-S4/S4/Mr Rojo/Trinome/system/Database/MigrationRunner.php(821): CodeIgniter\Database\BaseConnection->tableExists()
#6 /home/armando/Documents/S3-S4/S4/Mr Rojo/Trinome/system/Database/MigrationRunner.php(173): CodeIgniter\Database\MigrationRunner->ensureTable()
#7 /home/armando/Documents/S3-S4/S4/Mr Rojo/Trinome/system/Commands/Database/Migrate.php(89): CodeIgniter\Database\MigrationRunner->latest()
#8 /home/armando/Documents/S3-S4/S4/Mr Rojo/Trinome/system/CLI/SignalTrait.php(245): CodeIgniter\Commands\Database\Migrate::CodeIgniter\Commands\Database\{closure}()
#9 /home/armando/Documents/S3-S4/S4/Mr Rojo/Trinome/system/Commands/Database/Migrate.php(88): CodeIgniter\Commands\Database\Migrate->withSignalsBlocked()
#10 /home/armando/Documents/S3-S4/S4/Mr Rojo/Trinome/system/CLI/Commands.php(74): CodeIgniter\Commands\Database\Migrate->run()
#11 /home/armando/Documents/S3-S4/S4/Mr Rojo/Trinome/system/CLI/Console.php(47): CodeIgniter\CLI\Commands->run()
#12 /home/armando/Documents/S3-S4/S4/Mr Rojo/Trinome/system/Boot.php(442): CodeIgniter\CLI\Console->run()
#13 /home/armando/Documents/S3-S4/S4/Mr Rojo/Trinome/system/Boot.php(166): CodeIgniter\Boot::runCommand()
#14 /home/armando/Documents/S3-S4/S4/Mr Rojo/Trinome/spark(87): CodeIgniter\Boot::bootSpark()
#15 {main}

Next CodeIgniter\Database\Exceptions\DatabaseException: Operation not permitted in /home/armando/Documents/S3-S4/S4/Mr Rojo/Trinome/system/Database/MySQLi/Connection.php:231
Stack trace:
#0 /home/armando/Documents/S3-S4/S4/Mr Rojo/Trinome/system/Database/BaseConnection.php(555): CodeIgniter\Database\MySQLi\Connection->connect()
#1 /home/armando/Documents/S3-S4/S4/Mr Rojo/Trinome/system/Database/BaseConnection.php(795): CodeIgniter\Database\BaseConnection->initialize()
#2 /home/armando/Documents/S3-S4/S4/Mr Rojo/Trinome/system/Database/BaseConnection.php(1706): CodeIgniter\Database\BaseConnection->query()
#3 /home/armando/Documents/S3-S4/S4/Mr Rojo/Trinome/system/Database/BaseConnection.php(1726): CodeIgniter\Database\BaseConnection->listTables()
#4 /home/armando/Documents/S3-S4/S4/Mr Rojo/Trinome/system/Database/MigrationRunner.php(821): CodeIgniter\Database\BaseConnection->tableExists()
#5 /home/armando/Documents/S3-S4/S4/Mr Rojo/Trinome/system/Database/MigrationRunner.php(173): CodeIgniter\Database\MigrationRunner->ensureTable()
#6 /home/armando/Documents/S3-S4/S4/Mr Rojo/Trinome/system/Commands/Database/Migrate.php(89): CodeIgniter\Database\MigrationRunner->latest()
#7 /home/armando/Documents/S3-S4/S4/Mr Rojo/Trinome/system/CLI/SignalTrait.php(245): CodeIgniter\Commands\Database\Migrate::CodeIgniter\Commands\Database\{closure}()
#8 /home/armando/Documents/S3-S4/S4/Mr Rojo/Trinome/system/Commands/Database/Migrate.php(88): CodeIgniter\Commands\Database\Migrate->withSignalsBlocked()
#9 /home/armando/Documents/S3-S4/S4/Mr Rojo/Trinome/system/CLI/Commands.php(74): CodeIgniter\Commands\Database\Migrate->run()
#10 /home/armando/Documents/S3-S4/S4/Mr Rojo/Trinome/system/CLI/Console.php(47): CodeIgniter\CLI\Commands->run()
#11 /home/armando/Documents/S3-S4/S4/Mr Rojo/Trinome/system/Boot.php(442): CodeIgniter\CLI\Console->run()
#12 /home/armando/Documents/S3-S4/S4/Mr Rojo/Trinome/system/Boot.php(166): CodeIgniter\Boot::runCommand()
#13 /home/armando/Documents/S3-S4/S4/Mr Rojo/Trinome/spark(87): CodeIgniter\Boot::bootSpark()
#14 {main}
ERROR - 2026-04-29 07:43:06 --> Error connecting to the database: mysqli_sql_exception: No such file or directory in /home/armando/Documents/S3-S4/S4/Mr Rojo/Trinome/system/Database/MySQLi/Connection.php:201
Stack trace:
#0 /home/armando/Documents/S3-S4/S4/Mr Rojo/Trinome/system/Database/MySQLi/Connection.php(201): mysqli->real_connect()
#1 /home/armando/Documents/S3-S4/S4/Mr Rojo/Trinome/system/Database/BaseConnection.php(555): CodeIgniter\Database\MySQLi\Connection->connect()
#2 /home/armando/Documents/S3-S4/S4/Mr Rojo/Trinome/system/Database/BaseConnection.php(795): CodeIgniter\Database\BaseConnection->initialize()
#3 /home/armando/Documents/S3-S4/S4/Mr Rojo/Trinome/system/Database/BaseConnection.php(1706): CodeIgniter\Database\BaseConnection->query()
#4 /home/armando/Documents/S3-S4/S4/Mr Rojo/Trinome/system/Database/BaseConnection.php(1726): CodeIgniter\Database\BaseConnection->listTables()
#5 /home/armando/Documents/S3-S4/S4/Mr Rojo/Trinome/system/Database/MigrationRunner.php(821): CodeIgniter\Database\BaseConnection->tableExists()
#6 /home/armando/Documents/S3-S4/S4/Mr Rojo/Trinome/system/Database/MigrationRunner.php(173): CodeIgniter\Database\MigrationRunner->ensureTable()
#7 /home/armando/Documents/S3-S4/S4/Mr Rojo/Trinome/system/Commands/Database/Migrate.php(89): CodeIgniter\Database\MigrationRunner->latest()
#8 /home/armando/Documents/S3-S4/S4/Mr Rojo/Trinome/system/CLI/SignalTrait.php(245): CodeIgniter\Commands\Database\Migrate::CodeIgniter\Commands\Database\{closure}()
#9 /home/armando/Documents/S3-S4/S4/Mr Rojo/Trinome/system/Commands/Database/Migrate.php(88): CodeIgniter\Commands\Database\Migrate->withSignalsBlocked()
#10 /home/armando/Documents/S3-S4/S4/Mr Rojo/Trinome/system/CLI/Commands.php(74): CodeIgniter\Commands\Database\Migrate->run()
#11 /home/armando/Documents/S3-S4/S4/Mr Rojo/Trinome/system/CLI/Console.php(47): CodeIgniter\CLI\Commands->run()
#12 /home/armando/Documents/S3-S4/S4/Mr Rojo/Trinome/system/Boot.php(442): CodeIgniter\CLI\Console->run()
#13 /home/armando/Documents/S3-S4/S4/Mr Rojo/Trinome/system/Boot.php(166): CodeIgniter\Boot::runCommand()
#14 /home/armando/Documents/S3-S4/S4/Mr Rojo/Trinome/spark(87): CodeIgniter\Boot::bootSpark()
#15 {main}

Next CodeIgniter\Database\Exceptions\DatabaseException: No such file or directory in /home/armando/Documents/S3-S4/S4/Mr Rojo/Trinome/system/Database/MySQLi/Connection.php:231
Stack trace:
#0 /home/armando/Documents/S3-S4/S4/Mr Rojo/Trinome/system/Database/BaseConnection.php(555): CodeIgniter\Database\MySQLi\Connection->connect()
#1 /home/armando/Documents/S3-S4/S4/Mr Rojo/Trinome/system/Database/BaseConnection.php(795): CodeIgniter\Database\BaseConnection->initialize()
#2 /home/armando/Documents/S3-S4/S4/Mr Rojo/Trinome/system/Database/BaseConnection.php(1706): CodeIgniter\Database\BaseConnection->query()
#3 /home/armando/Documents/S3-S4/S4/Mr Rojo/Trinome/system/Database/BaseConnection.php(1726): CodeIgniter\Database\BaseConnection->listTables()
#4 /home/armando/Documents/S3-S4/S4/Mr Rojo/Trinome/system/Database/MigrationRunner.php(821): CodeIgniter\Database\BaseConnection->tableExists()
#5 /home/armando/Documents/S3-S4/S4/Mr Rojo/Trinome/system/Database/MigrationRunner.php(173): CodeIgniter\Database\MigrationRunner->ensureTable()
#6 /home/armando/Documents/S3-S4/S4/Mr Rojo/Trinome/system/Commands/Database/Migrate.php(89): CodeIgniter\Database\MigrationRunner->latest()
#7 /home/armando/Documents/S3-S4/S4/Mr Rojo/Trinome/system/CLI/SignalTrait.php(245): CodeIgniter\Commands\Database\Migrate::CodeIgniter\Commands\Database\{closure}()
#8 /home/armando/Documents/S3-S4/S4/Mr Rojo/Trinome/system/Commands/Database/Migrate.php(88): CodeIgniter\Commands\Database\Migrate->withSignalsBlocked()
#9 /home/armando/Documents/S3-S4/S4/Mr Rojo/Trinome/system/CLI/Commands.php(74): CodeIgniter\Commands\Database\Migrate->run()
#10 /home/armando/Documents/S3-S4/S4/Mr Rojo/Trinome/system/CLI/Console.php(47): CodeIgniter\CLI\Commands->run()
#11 /home/armando/Documents/S3-S4/S4/Mr Rojo/Trinome/system/Boot.php(442): CodeIgniter\CLI\Console->run()
#12 /home/armando/Documents/S3-S4/S4/Mr Rojo/Trinome/system/Boot.php(166): CodeIgniter\Boot::runCommand()
#13 /home/armando/Documents/S3-S4/S4/Mr Rojo/Trinome/spark(87): CodeIgniter\Boot::bootSpark()
#14 {main}
ERROR - 2026-04-29 07:44:02 --> Error connecting to the database: mysqli_sql_exception: Unknown database 'trinome' in /home/armando/Documents/S3-S4/S4/Mr Rojo/Trinome/system/Database/MySQLi/Connection.php:201
Stack trace:
#0 /home/armando/Documents/S3-S4/S4/Mr Rojo/Trinome/system/Database/MySQLi/Connection.php(201): mysqli->real_connect()
#1 /home/armando/Documents/S3-S4/S4/Mr Rojo/Trinome/system/Database/BaseConnection.php(555): CodeIgniter\Database\MySQLi\Connection->connect()
#2 /home/armando/Documents/S3-S4/S4/Mr Rojo/Trinome/system/Database/BaseConnection.php(795): CodeIgniter\Database\BaseConnection->initialize()
#3 /home/armando/Documents/S3-S4/S4/Mr Rojo/Trinome/system/Database/BaseConnection.php(1706): CodeIgniter\Database\BaseConnection->query()
#4 /home/armando/Documents/S3-S4/S4/Mr Rojo/Trinome/system/Database/BaseConnection.php(1726): CodeIgniter\Database\BaseConnection->listTables()
#5 /home/armando/Documents/S3-S4/S4/Mr Rojo/Trinome/system/Database/MigrationRunner.php(821): CodeIgniter\Database\BaseConnection->tableExists()
#6 /home/armando/Documents/S3-S4/S4/Mr Rojo/Trinome/system/Database/MigrationRunner.php(173): CodeIgniter\Database\MigrationRunner->ensureTable()
#7 /home/armando/Documents/S3-S4/S4/Mr Rojo/Trinome/system/Commands/Database/Migrate.php(89): CodeIgniter\Database\MigrationRunner->latest()
#8 /home/armando/Documents/S3-S4/S4/Mr Rojo/Trinome/system/CLI/SignalTrait.php(245): CodeIgniter\Commands\Database\Migrate::CodeIgniter\Commands\Database\{closure}()
#9 /home/armando/Documents/S3-S4/S4/Mr Rojo/Trinome/system/Commands/Database/Migrate.php(88): CodeIgniter\Commands\Database\Migrate->withSignalsBlocked()
#10 /home/armando/Documents/S3-S4/S4/Mr Rojo/Trinome/system/CLI/Commands.php(74): CodeIgniter\Commands\Database\Migrate->run()
#11 /home/armando/Documents/S3-S4/S4/Mr Rojo/Trinome/system/CLI/Console.php(47): CodeIgniter\CLI\Commands->run()
#12 /home/armando/Documents/S3-S4/S4/Mr Rojo/Trinome/system/Boot.php(442): CodeIgniter\CLI\Console->run()
#13 /home/armando/Documents/S3-S4/S4/Mr Rojo/Trinome/system/Boot.php(166): CodeIgniter\Boot::runCommand()
#14 /home/armando/Documents/S3-S4/S4/Mr Rojo/Trinome/spark(87): CodeIgniter\Boot::bootSpark()
#15 {main}

Next CodeIgniter\Database\Exceptions\DatabaseException: Unknown database 'trinome' in /home/armando/Documents/S3-S4/S4/Mr Rojo/Trinome/system/Database/MySQLi/Connection.php:231
Stack trace:
#0 /home/armando/Documents/S3-S4/S4/Mr Rojo/Trinome/system/Database/BaseConnection.php(555): CodeIgniter\Database\MySQLi\Connection->connect()
#1 /home/armando/Documents/S3-S4/S4/Mr Rojo/Trinome/system/Database/BaseConnection.php(795): CodeIgniter\Database\BaseConnection->initialize()
#2 /home/armando/Documents/S3-S4/S4/Mr Rojo/Trinome/system/Database/BaseConnection.php(1706): CodeIgniter\Database\BaseConnection->query()
#3 /home/armando/Documents/S3-S4/S4/Mr Rojo/Trinome/system/Database/BaseConnection.php(1726): CodeIgniter\Database\BaseConnection->listTables()
#4 /home/armando/Documents/S3-S4/S4/Mr Rojo/Trinome/system/Database/MigrationRunner.php(821): CodeIgniter\Database\BaseConnection->tableExists()
#5 /home/armando/Documents/S3-S4/S4/Mr Rojo/Trinome/system/Database/MigrationRunner.php(173): CodeIgniter\Database\MigrationRunner->ensureTable()
#6 /home/armando/Documents/S3-S4/S4/Mr Rojo/Trinome/system/Commands/Database/Migrate.php(89): CodeIgniter\Database\MigrationRunner->latest()
#7 /home/armando/Documents/S3-S4/S4/Mr Rojo/Trinome/system/CLI/SignalTrait.php(245): CodeIgniter\Commands\Database\Migrate::CodeIgniter\Commands\Database\{closure}()
#8 /home/armando/Documents/S3-S4/S4/Mr Rojo/Trinome/system/Commands/Database/Migrate.php(88): CodeIgniter\Commands\Database\Migrate->withSignalsBlocked()
#9 /home/armando/Documents/S3-S4/S4/Mr Rojo/Trinome/system/CLI/Commands.php(74): CodeIgniter\Commands\Database\Migrate->run()
#10 /home/armando/Documents/S3-S4/S4/Mr Rojo/Trinome/system/CLI/Console.php(47): CodeIgniter\CLI\Commands->run()
#11 /home/armando/Documents/S3-S4/S4/Mr Rojo/Trinome/system/Boot.php(442): CodeIgniter\CLI\Console->run()
#12 /home/armando/Documents/S3-S4/S4/Mr Rojo/Trinome/system/Boot.php(166): CodeIgniter\Boot::runCommand()
#13 /home/armando/Documents/S3-S4/S4/Mr Rojo/Trinome/spark(87): CodeIgniter\Boot::bootSpark()
#14 {main}
ERROR - 2026-04-29 07:44:59 --> Duplicate column name 'id_classe'
in SYSTEMPATH/Database/MySQLi/Connection.php on line 300.
 1 SYSTEMPATH/Database/MySQLi/Connection.php(300): mysqli->query()
 2 SYSTEMPATH/Database/BaseConnection.php(910): CodeIgniter\Database\MySQLi\Connection->execute()
 3 SYSTEMPATH/Database/BaseConnection.php(827): CodeIgniter\Database\BaseConnection->simpleQuery()
 4 SYSTEMPATH/Database/Forge.php(772): CodeIgniter\Database\BaseConnection->query()
 5 APPPATH/Database/Migrations/2026-04-29-000002_CreateClasses.php(41): CodeIgniter\Database\Forge->addColumn()
 6 SYSTEMPATH/Database/MigrationRunner.php(1014): App\Database\Migrations\CreateClasses->up()
 7 SYSTEMPATH/Database/MigrationRunner.php(202): CodeIgniter\Database\MigrationRunner->migrate()
 8 SYSTEMPATH/Commands/Database/Migrate.php(89): CodeIgniter\Database\MigrationRunner->latest()
 9 SYSTEMPATH/CLI/SignalTrait.php(245): CodeIgniter\Commands\Database\Migrate::CodeIgniter\Commands\Database\{closure}()
10 SYSTEMPATH/Commands/Database/Migrate.php(88): CodeIgniter\Commands\Database\Migrate->withSignalsBlocked()
11 SYSTEMPATH/CLI/Commands.php(74): CodeIgniter\Commands\Database\Migrate->run()
12 SYSTEMPATH/CLI/Console.php(47): CodeIgniter\CLI\Commands->run()
13 SYSTEMPATH/Boot.php(442): CodeIgniter\CLI\Console->run()
14 SYSTEMPATH/Boot.php(166): CodeIgniter\Boot::runCommand()
15 ROOTPATH/spark(87): CodeIgniter\Boot::bootSpark()
CRITICAL - 2026-04-29 09:04:52 --> ErrorException: Undefined array key "compensated"
[Method: GET, Route: admin]
in APPPATH/Views/admin_dashboard.php on line 175.
 1 APPPATH/Views/admin_dashboard.php(175): CodeIgniter\Debug\Exceptions->errorHandler()
 2 SYSTEMPATH/View/View.php(240): include('/home/armando/Documents/S3-S4/S4/Mr Rojo/Trinome/app/Views/admin_dashboard.php')
 3 SYSTEMPATH/View/View.php(243): CodeIgniter\View\View->CodeIgniter\View\{closure}()
 4 SYSTEMPATH/Common.php(1250): CodeIgniter\View\View->render()
 5 APPPATH/Controllers/Users.php(158): view()
 6 SYSTEMPATH/CodeIgniter.php(951): App\Controllers\Users->admin()
 7 SYSTEMPATH/CodeIgniter.php(497): CodeIgniter\CodeIgniter->runController()
 8 SYSTEMPATH/CodeIgniter.php(340): CodeIgniter\CodeIgniter->handleRequest()
 9 SYSTEMPATH/Boot.php(417): CodeIgniter\CodeIgniter->run()
10 SYSTEMPATH/Boot.php(68): CodeIgniter\Boot::runCodeIgniter()
11 FCPATH/index.php(59): CodeIgniter\Boot::bootWeb()
12 SYSTEMPATH/rewrite.php(44): require_once('/home/armando/Documents/S3-S4/S4/Mr Rojo/Trinome/public/index.php')
CRITICAL - 2026-04-29 09:06:12 --> ErrorException: Undefined array key "compensated"
[Method: GET, Route: admin]
in APPPATH/Views/admin_dashboard.php on line 175.
 1 APPPATH/Views/admin_dashboard.php(175): CodeIgniter\Debug\Exceptions->errorHandler()
 2 SYSTEMPATH/View/View.php(240): include('/home/armando/Documents/S3-S4/S4/Mr Rojo/Trinome/app/Views/admin_dashboard.php')
 3 SYSTEMPATH/View/View.php(243): CodeIgniter\View\View->CodeIgniter\View\{closure}()
 4 SYSTEMPATH/Common.php(1250): CodeIgniter\View\View->render()
 5 APPPATH/Controllers/Users.php(158): view()
 6 SYSTEMPATH/CodeIgniter.php(951): App\Controllers\Users->admin()
 7 SYSTEMPATH/CodeIgniter.php(497): CodeIgniter\CodeIgniter->runController()
 8 SYSTEMPATH/CodeIgniter.php(340): CodeIgniter\CodeIgniter->handleRequest()
 9 SYSTEMPATH/Boot.php(417): CodeIgniter\CodeIgniter->run()
10 SYSTEMPATH/Boot.php(68): CodeIgniter\Boot::runCodeIgniter()
11 FCPATH/index.php(59): CodeIgniter\Boot::bootWeb()
12 SYSTEMPATH/rewrite.php(44): require_once('/home/armando/Documents/S3-S4/S4/Mr Rojo/Trinome/public/index.php')
CRITICAL - 2026-04-29 09:06:17 --> ErrorException: Undefined array key "compensated"
[Method: GET, Route: admin]
in APPPATH/Views/admin_dashboard.php on line 175.
 1 APPPATH/Views/admin_dashboard.php(175): CodeIgniter\Debug\Exceptions->errorHandler()
 2 SYSTEMPATH/View/View.php(240): include('/home/armando/Documents/S3-S4/S4/Mr Rojo/Trinome/app/Views/admin_dashboard.php')
 3 SYSTEMPATH/View/View.php(243): CodeIgniter\View\View->CodeIgniter\View\{closure}()
 4 SYSTEMPATH/Common.php(1250): CodeIgniter\View\View->render()
 5 APPPATH/Controllers/Users.php(158): view()
 6 SYSTEMPATH/CodeIgniter.php(951): App\Controllers\Users->admin()
 7 SYSTEMPATH/CodeIgniter.php(497): CodeIgniter\CodeIgniter->runController()
 8 SYSTEMPATH/CodeIgniter.php(340): CodeIgniter\CodeIgniter->handleRequest()
 9 SYSTEMPATH/Boot.php(417): CodeIgniter\CodeIgniter->run()
10 SYSTEMPATH/Boot.php(68): CodeIgniter\Boot::runCodeIgniter()
11 FCPATH/index.php(59): CodeIgniter\Boot::bootWeb()
12 SYSTEMPATH/rewrite.php(44): require_once('/home/armando/Documents/S3-S4/S4/Mr Rojo/Trinome/public/index.php')
CRITICAL - 2026-04-29 09:06:17 --> ErrorException: Undefined array key "compensated"
[Method: GET, Route: admin]
in APPPATH/Views/admin_dashboard.php on line 175.
 1 APPPATH/Views/admin_dashboard.php(175): CodeIgniter\Debug\Exceptions->errorHandler()
 2 SYSTEMPATH/View/View.php(240): include('/home/armando/Documents/S3-S4/S4/Mr Rojo/Trinome/app/Views/admin_dashboard.php')
 3 SYSTEMPATH/View/View.php(243): CodeIgniter\View\View->CodeIgniter\View\{closure}()
 4 SYSTEMPATH/Common.php(1250): CodeIgniter\View\View->render()
 5 APPPATH/Controllers/Users.php(158): view()
 6 SYSTEMPATH/CodeIgniter.php(951): App\Controllers\Users->admin()
 7 SYSTEMPATH/CodeIgniter.php(497): CodeIgniter\CodeIgniter->runController()
 8 SYSTEMPATH/CodeIgniter.php(340): CodeIgniter\CodeIgniter->handleRequest()
 9 SYSTEMPATH/Boot.php(417): CodeIgniter\CodeIgniter->run()
10 SYSTEMPATH/Boot.php(68): CodeIgniter\Boot::runCodeIgniter()
11 FCPATH/index.php(59): CodeIgniter\Boot::bootWeb()
12 SYSTEMPATH/rewrite.php(44): require_once('/home/armando/Documents/S3-S4/S4/Mr Rojo/Trinome/public/index.php')
CRITICAL - 2026-04-29 09:06:17 --> ErrorException: Undefined array key "compensated"
[Method: GET, Route: admin]
in APPPATH/Views/admin_dashboard.php on line 175.
 1 APPPATH/Views/admin_dashboard.php(175): CodeIgniter\Debug\Exceptions->errorHandler()
 2 SYSTEMPATH/View/View.php(240): include('/home/armando/Documents/S3-S4/S4/Mr Rojo/Trinome/app/Views/admin_dashboard.php')
 3 SYSTEMPATH/View/View.php(243): CodeIgniter\View\View->CodeIgniter\View\{closure}()
 4 SYSTEMPATH/Common.php(1250): CodeIgniter\View\View->render()
 5 APPPATH/Controllers/Users.php(158): view()
 6 SYSTEMPATH/CodeIgniter.php(951): App\Controllers\Users->admin()
 7 SYSTEMPATH/CodeIgniter.php(497): CodeIgniter\CodeIgniter->runController()
 8 SYSTEMPATH/CodeIgniter.php(340): CodeIgniter\CodeIgniter->handleRequest()
 9 SYSTEMPATH/Boot.php(417): CodeIgniter\CodeIgniter->run()
10 SYSTEMPATH/Boot.php(68): CodeIgniter\Boot::runCodeIgniter()
11 FCPATH/index.php(59): CodeIgniter\Boot::bootWeb()
12 SYSTEMPATH/rewrite.php(44): require_once('/home/armando/Documents/S3-S4/S4/Mr Rojo/Trinome/public/index.php')
CRITICAL - 2026-04-29 09:06:17 --> ErrorException: Undefined array key "compensated"
[Method: GET, Route: admin]
in APPPATH/Views/admin_dashboard.php on line 175.
 1 APPPATH/Views/admin_dashboard.php(175): CodeIgniter\Debug\Exceptions->errorHandler()
 2 SYSTEMPATH/View/View.php(240): include('/home/armando/Documents/S3-S4/S4/Mr Rojo/Trinome/app/Views/admin_dashboard.php')
 3 SYSTEMPATH/View/View.php(243): CodeIgniter\View\View->CodeIgniter\View\{closure}()
 4 SYSTEMPATH/Common.php(1250): CodeIgniter\View\View->render()
 5 APPPATH/Controllers/Users.php(158): view()
 6 SYSTEMPATH/CodeIgniter.php(951): App\Controllers\Users->admin()
 7 SYSTEMPATH/CodeIgniter.php(497): CodeIgniter\CodeIgniter->runController()
 8 SYSTEMPATH/CodeIgniter.php(340): CodeIgniter\CodeIgniter->handleRequest()
 9 SYSTEMPATH/Boot.php(417): CodeIgniter\CodeIgniter->run()
10 SYSTEMPATH/Boot.php(68): CodeIgniter\Boot::runCodeIgniter()
11 FCPATH/index.php(59): CodeIgniter\Boot::bootWeb()
12 SYSTEMPATH/rewrite.php(44): require_once('/home/armando/Documents/S3-S4/S4/Mr Rojo/Trinome/public/index.php')
CRITICAL - 2026-04-29 09:06:17 --> ErrorException: Undefined array key "compensated"
[Method: GET, Route: admin]
in APPPATH/Views/admin_dashboard.php on line 175.
 1 APPPATH/Views/admin_dashboard.php(175): CodeIgniter\Debug\Exceptions->errorHandler()
 2 SYSTEMPATH/View/View.php(240): include('/home/armando/Documents/S3-S4/S4/Mr Rojo/Trinome/app/Views/admin_dashboard.php')
 3 SYSTEMPATH/View/View.php(243): CodeIgniter\View\View->CodeIgniter\View\{closure}()
 4 SYSTEMPATH/Common.php(1250): CodeIgniter\View\View->render()
 5 APPPATH/Controllers/Users.php(158): view()
 6 SYSTEMPATH/CodeIgniter.php(951): App\Controllers\Users->admin()
 7 SYSTEMPATH/CodeIgniter.php(497): CodeIgniter\CodeIgniter->runController()
 8 SYSTEMPATH/CodeIgniter.php(340): CodeIgniter\CodeIgniter->handleRequest()
 9 SYSTEMPATH/Boot.php(417): CodeIgniter\CodeIgniter->run()
10 SYSTEMPATH/Boot.php(68): CodeIgniter\Boot::runCodeIgniter()
11 FCPATH/index.php(59): CodeIgniter\Boot::bootWeb()
12 SYSTEMPATH/rewrite.php(44): require_once('/home/armando/Documents/S3-S4/S4/Mr Rojo/Trinome/public/index.php')
