ERROR - 2026-05-10 12:44:20 --> Error connecting to the database: mysqli_sql_exception: Access denied for user 'root'@'localhost' in /home/tsiky/Documents/Projet S4/Si/E-kotrana/E-kotrana/system/Database/MySQLi/Connection.php:201
Stack trace:
#0 /home/tsiky/Documents/Projet S4/Si/E-kotrana/E-kotrana/system/Database/MySQLi/Connection.php(201): mysqli->real_connect()
#1 /home/tsiky/Documents/Projet S4/Si/E-kotrana/E-kotrana/system/Database/BaseConnection.php(555): CodeIgniter\Database\MySQLi\Connection->connect()
#2 /home/tsiky/Documents/Projet S4/Si/E-kotrana/E-kotrana/system/Database/Database.php(74): CodeIgniter\Database\BaseConnection->initialize()
#3 /home/tsiky/Documents/Projet S4/Si/E-kotrana/E-kotrana/system/Database/Config.php(111): CodeIgniter\Database\Database->loadForge()
#4 /home/tsiky/Documents/Projet S4/Si/E-kotrana/E-kotrana/app/Controllers/Users.php(616): CodeIgniter\Database\Config::forge()
#5 /home/tsiky/Documents/Projet S4/Si/E-kotrana/E-kotrana/app/Controllers/Users.php(23): App\Controllers\Users->ensureSchema()
#6 /home/tsiky/Documents/Projet S4/Si/E-kotrana/E-kotrana/system/CodeIgniter.php(951): App\Controllers\Users->login()
#7 /home/tsiky/Documents/Projet S4/Si/E-kotrana/E-kotrana/system/CodeIgniter.php(497): CodeIgniter\CodeIgniter->runController()
#8 /home/tsiky/Documents/Projet S4/Si/E-kotrana/E-kotrana/system/CodeIgniter.php(340): CodeIgniter\CodeIgniter->handleRequest()
#9 /home/tsiky/Documents/Projet S4/Si/E-kotrana/E-kotrana/system/Boot.php(417): CodeIgniter\CodeIgniter->run()
#10 /home/tsiky/Documents/Projet S4/Si/E-kotrana/E-kotrana/system/Boot.php(68): CodeIgniter\Boot::runCodeIgniter()
#11 /home/tsiky/Documents/Projet S4/Si/E-kotrana/E-kotrana/public/index.php(59): CodeIgniter\Boot::bootWeb()
#12 /home/tsiky/Documents/Projet S4/Si/E-kotrana/E-kotrana/system/rewrite.php(44): require_once('...')
#13 {main}

Next CodeIgniter\Database\Exceptions\DatabaseException: Access denied for user '****'@'localhost' in /home/tsiky/Documents/Projet S4/Si/E-kotrana/E-kotrana/system/Database/MySQLi/Connection.php:231
Stack trace:
#0 /home/tsiky/Documents/Projet S4/Si/E-kotrana/E-kotrana/system/Database/BaseConnection.php(555): CodeIgniter\Database\MySQLi\Connection->connect()
#1 /home/tsiky/Documents/Projet S4/Si/E-kotrana/E-kotrana/system/Database/Database.php(74): CodeIgniter\Database\BaseConnection->initialize()
#2 /home/tsiky/Documents/Projet S4/Si/E-kotrana/E-kotrana/system/Database/Config.php(111): CodeIgniter\Database\Database->loadForge()
#3 /home/tsiky/Documents/Projet S4/Si/E-kotrana/E-kotrana/app/Controllers/Users.php(616): CodeIgniter\Database\Config::forge()
#4 /home/tsiky/Documents/Projet S4/Si/E-kotrana/E-kotrana/app/Controllers/Users.php(23): App\Controllers\Users->ensureSchema()
#5 /home/tsiky/Documents/Projet S4/Si/E-kotrana/E-kotrana/system/CodeIgniter.php(951): App\Controllers\Users->login()
#6 /home/tsiky/Documents/Projet S4/Si/E-kotrana/E-kotrana/system/CodeIgniter.php(497): CodeIgniter\CodeIgniter->runController()
#7 /home/tsiky/Documents/Projet S4/Si/E-kotrana/E-kotrana/system/CodeIgniter.php(340): CodeIgniter\CodeIgniter->handleRequest()
#8 /home/tsiky/Documents/Projet S4/Si/E-kotrana/E-kotrana/system/Boot.php(417): CodeIgniter\CodeIgniter->run()
#9 /home/tsiky/Documents/Projet S4/Si/E-kotrana/E-kotrana/system/Boot.php(68): CodeIgniter\Boot::runCodeIgniter()
#10 /home/tsiky/Documents/Projet S4/Si/E-kotrana/E-kotrana/public/index.php(59): CodeIgniter\Boot::bootWeb()
#11 /home/tsiky/Documents/Projet S4/Si/E-kotrana/E-kotrana/system/rewrite.php(44): require_once('...')
#12 {main}
CRITICAL - 2026-05-10 12:44:20 --> CodeIgniter\Database\Exceptions\DatabaseException: Unable to connect to the database.
Main connection [MySQLi]: Access denied for user '****'@'localhost'
[Method: GET, Route: /]
in SYSTEMPATH/Database/BaseConnection.php on line 606.
 1 SYSTEMPATH/Database/Database.php(74): CodeIgniter\Database\BaseConnection->initialize()
 2 SYSTEMPATH/Database/Config.php(111): CodeIgniter\Database\Database->loadForge()
 3 APPPATH/Controllers/Users.php(616): CodeIgniter\Database\Config::forge()
 4 APPPATH/Controllers/Users.php(23): App\Controllers\Users->ensureSchema()
 5 SYSTEMPATH/CodeIgniter.php(951): App\Controllers\Users->login()
 6 SYSTEMPATH/CodeIgniter.php(497): CodeIgniter\CodeIgniter->runController()
 7 SYSTEMPATH/CodeIgniter.php(340): CodeIgniter\CodeIgniter->handleRequest()
 8 SYSTEMPATH/Boot.php(417): CodeIgniter\CodeIgniter->run()
 9 SYSTEMPATH/Boot.php(68): CodeIgniter\Boot::runCodeIgniter()
10 FCPATH/index.php(59): CodeIgniter\Boot::bootWeb()
11 SYSTEMPATH/rewrite.php(44): require_once('/home/tsiky/Documents/Projet S4/Si/E-kotrana/E-kotrana/public/index.php')
